// Vitest Snapshot v1, https://vitest.dev/guide/snapshot.html

exports[`exportToSvg > with default arguments 1`] = `
<svg
  height="120"
  version="1.1"
  viewBox="0 0 120 120"
  width="120"
  xmlns="http://www.w3.org/2000/svg"
>
  
  
  <!-- svg-source:excalidraw -->
  
  
  
  <defs>
    
    
    <style
      class="style-fonts"
    >
      
      @font-face {
        font-family: "Virgil";
        src: url("https://excalidraw.com/Virgil.woff2");
      }
      @font-face {
        font-family: "Cascadia";
        src: url("https://excalidraw.com/Cascadia.woff2");
      }
    
    </style>
    
    
  
  </defs>
  
  
  <g
    stroke-linecap="round"
    transform="translate(10 10) rotate(0 50 50)"
  >
    <path
      d="M0.32 50.63 C0.32 50.63, 0.32 50.63, 0.32 50.63 M0.32 50.63 C0.32 50.63, 0.32 50.63, 0.32 50.63 M1.31 55.08 C15.31 40.32, 29.59 22.37, 41.3 9.81 M2.95 54.67 C16.06 38.64, 28.38 26.08, 41.31 11.16 M5.17 55.28 C18.64 40.54, 34.59 23.3, 53.31 1.2 M6.19 55.83 C19.7 40.85, 33.94 25.36, 52.84 2.99 M8.12 57.33 C28.32 38.18, 46.32 16.69, 57.78 5.54 M9.05 59.26 C25.33 39.84, 41.83 20.42, 56.36 4.41 M12.23 63.33 C23.99 47.5, 34.76 34.04, 58.25 7.72 M12.1 62.42 C25.64 45.74, 39.58 29.47, 59.39 6.7 M14.29 65.31 C33.6 44.37, 51.89 21.73, 61.4 11.6 M14.95 64.35 C25.42 51.41, 36.81 39.88, 61.57 11.19 M17.44 69.69 C30.26 56.06, 39.46 44.26, 65.11 14.18 M17.51 68.63 C34.43 47.57, 51.04 27.25, 64.33 13.82 M21.98 70.02 C37.73 53.65, 50.86 33.03, 66.1 18.6 M20.5 70.41 C29.42 59.96, 38.78 49.11, 66.16 16.54 M21.73 71.26 C33.76 59.36, 45.61 49.75, 69.47 19.91 M23.35 73.09 C39.91 53.14, 58.94 32.17, 69.77 19.39 M26.91 74.54 C41.56 60.59, 55.7 44.03, 72.29 22.07 M26.74 75.44 C39.06 62.99, 49.89 47.62, 73.34 21.9 M27.68 77.61 C45.27 62.73, 58.44 43.84, 73.88 27.42 M29.77 78.46 C46.22 58.97, 65.3 39.03, 74.37 24.99 M29.82 83.37 C45.64 68.39, 59.09 52.88, 78 26.2 M31.24 82.29 C42.16 70.24, 50.48 58.61, 77.54 28.77 M33.5 84.64 C46.6 69.19, 61.43 52.15, 81.17 32.8 M34.1 85.27 C44.17 73.12, 52.8 63.6, 80.62 31.25 M37.69 88.37 C54.96 70.16, 71.4 49.55, 82.89 35.26 M37.41 86.61 C46.27 76.03, 56.22 65.63, 84.34 34.18 M38.98 88.4 C54.78 76.48, 66.88 59.43, 87.83 36.78 M40.83 89.54 C52.97 74.67, 64.21 61.17, 86.21 36.91 M43.18 94 C60.91 72.19, 77.04 51.45, 90.21 39.94 M43.86 92.11 C52.94 82.13, 62.98 68.89, 90.51 39.02 M44.93 94.32 C62.61 77.05, 76.42 59.94, 91.95 44.23 M45.02 96.15 C61.2 76.98, 78.3 58.77, 92.03 42.23 M50.55 99.15 C60.63 81.82, 75.04 67.37, 96.9 43.53 M48.39 98.32 C65.04 78.28, 81.92 59.44, 94.04 46.22 M59.57 88.62 C75.19 74.82, 87.89 56.74, 99.21 46.38 M60.71 90.22 C69.4 79.26, 78.2 69.42, 98.13 47.3"
      fill="none"
      stroke="#15aabf"
      stroke-width="0.5"
    />
    <path
      d="M50.55 -1.01 C62.82 12.44, 78.03 26.68, 100.3 51.7 M50.44 0.46 C69.95 19.26, 89.63 39.73, 99.86 51.76 M98.12 50.21 C82.92 71.13, 65.15 88.19, 49.66 98.72 M99.37 50.68 C88.57 62.94, 74.79 76.37, 50.44 100 M52.55 99.9 C35.86 87.61, 23.16 74.12, 0.75 52.33 M51.67 99.75 C32.82 83.31, 13.73 65.72, 0.11 50.74 M-1.95 52.94 C13.84 37.62, 25.27 26.82, 50.8 2 M0.66 50.92 C16.45 35.71, 32.61 18.7, 51.59 0.01"
      fill="none"
      stroke="#000000"
      stroke-width="1"
    />
  </g>
  <g
    stroke-linecap="round"
    transform="translate(10 10) rotate(0 50 50)"
  >
    <path
      d="M16.06 13.96 C16.06 13.96, 16.06 13.96, 16.06 13.96 M16.06 13.96 C16.06 13.96, 16.06 13.96, 16.06 13.96 M5.51 34 C13.17 23.26, 20.2 13.31, 28.19 8.96 M5.48 33.35 C12.13 25.41, 19.79 15.96, 26.45 7.6 M2.94 40.64 C14.89 27.57, 27.38 13.09, 38.46 2.39 M2.49 43.52 C14.98 28.89, 27.43 13.98, 36.64 1.59 M2.04 48.61 C11.56 36.98, 20.64 29.06, 40.87 3.18 M1.95 49.98 C10.18 39.33, 19.99 27.58, 41.75 1.91 M2.89 53.52 C12.16 45.31, 20.84 35.42, 48.22 2.48 M1.65 54.79 C15.39 38.9, 28.49 22.82, 46.94 2.06 M0.17 60.65 C19.49 40.09, 39.43 15.92, 51.68 2.9 M0.46 61.18 C20.03 40.07, 38.88 19.18, 52.8 1.95 M2.75 65.39 C21.45 44.77, 38.81 24.42, 58.83 2.92 M3.54 66.52 C18.41 48.35, 33.23 29.4, 57.11 2.7 M4.72 71.04 C27.78 43.83, 50.85 18.93, 63.36 3.68 M4.98 68.42 C26.29 44.92, 48.42 19.29, 62.03 3.82 M5.52 72.07 C22.83 55.04, 37.9 35.24, 65.26 4.74 M7.57 72.36 C24.05 52.56, 41.2 32.12, 68.06 3.3 M9.59 78.6 C21.8 62.85, 36.33 48.65, 72.41 6.27 M10.08 76.55 C27.74 55.4, 46.01 35.4, 71.14 6.25 M12.56 81.85 C25.42 62.46, 40.04 46.55, 72.17 9.63 M11.06 79.79 C28.06 60.16, 44.33 40.26, 73.94 7.75 M13.55 82.49 C28.83 65.98, 48.28 43.76, 76.92 11.53 M14.8 84.16 C33.23 60.15, 53.34 38.08, 77.01 9.5 M18.1 87.31 C40.32 56.18, 63.34 29.89, 81.06 11.61 M15.8 86.08 C37.82 61.43, 61.3 33.93, 81.35 11.71 M19 88.26 C40.95 67.24, 59.33 42.8, 83.88 13.16 M19.34 89.69 C44.29 60.65, 70.58 30.79, 84.99 14.16 M24.66 90.68 C46.24 63.97, 68.7 37.2, 88.49 16.36 M23.39 91.54 C41.48 71.33, 57.27 52.46, 87.46 15.92 M26.62 93.33 C42.62 75.25, 55.76 56.91, 91.37 20.55 M25.78 92.9 C44.69 72.7, 64.26 51.51, 91.05 19.89 M29.13 94.58 C54.77 68.16, 76.36 39.34, 89.98 24.69 M29.39 94.36 C49.44 73.98, 66.44 53.75, 91.98 23.72 M33.42 96.74 C47.58 82.66, 62.52 64.57, 91.66 26.42 M34.06 96.57 C55.68 72.76, 76.5 49.1, 92.97 29.15 M36.63 98.74 C60.32 74.26, 79.82 54.48, 97.25 30.51 M37.14 99.24 C54.89 79.32, 74.61 58.8, 96.4 30.94 M40.66 99.17 C55.74 83.62, 65.05 70.15, 99.32 34.88 M41.95 98.58 C59.25 80.58, 75.79 63.84, 98.31 35.2 M49.2 99.75 C62.11 81.98, 75.75 67.78, 97.75 42.61 M48.46 99.18 C67.41 77.36, 87.34 53.87, 99.47 41.78 M53.89 98.89 C65.38 88.45, 73.01 75.45, 98.61 47.16 M53.06 97.85 C63.84 87.99, 73.69 78.07, 99.97 45.89 M58.61 99.36 C70.43 84.66, 82.87 73.93, 98.5 52.17 M58.48 99.78 C73.6 83.24, 87.79 67.2, 99.1 52.24 M68.31 94.83 C80.8 79.54, 89.95 65.89, 98.02 57.63 M66.24 95.37 C79.84 81.97, 91.09 67.07, 98.57 57.62 M76.06 88.12 C81.34 84.81, 87.75 77.41, 94.2 68.75 M77.32 88.9 C82.75 83.93, 85.37 79.87, 94.43 70.14"
      fill="none"
      stroke="#15aabf"
      stroke-width="0.5"
    />
    <path
      d="M38.1 1.46 C45.72 -1.06, 55.49 -0.08, 63.58 2.19 C71.68 4.46, 80.88 9.29, 86.67 15.09 C92.46 20.89, 96.33 29.02, 98.32 36.99 C100.32 44.97, 101 54.87, 98.62 62.96 C96.24 71.05, 90.17 79.66, 84.03 85.55 C77.89 91.43, 69.57 96.06, 61.79 98.28 C54 100.51, 45.12 100.97, 37.32 98.91 C29.52 96.84, 21.11 92.03, 14.99 85.89 C8.88 79.75, 2.75 70.16, 0.63 62.05 C-1.48 53.94, -0.22 45.19, 2.3 37.23 C4.82 29.28, 9.28 20.51, 15.77 14.3 C22.25 8.1, 36.21 2.25, 41.23 0.02 C46.25 -2.21, 45.49 0.09, 45.88 0.91 M40.94 1.53 C48.29 -0.28, 59.04 0.38, 66.96 3.27 C74.89 6.16, 83.12 12.22, 88.48 18.88 C93.85 25.53, 97.82 35.15, 99.18 43.21 C100.54 51.28, 99.41 59.58, 96.65 67.29 C93.89 74.99, 88.87 84.03, 82.63 89.47 C76.39 94.91, 67.44 98.55, 59.2 99.93 C50.97 101.3, 41.25 100.52, 33.2 97.7 C25.15 94.87, 16.16 89.68, 10.9 82.99 C5.64 76.3, 2.84 65.86, 1.64 57.57 C0.45 49.28, 0.99 40.72, 3.74 33.24 C6.5 25.76, 11.77 18.2, 18.18 12.7 C24.59 7.2, 38.36 1.99, 42.22 0.24 C46.09 -1.5, 41.49 1.56, 41.37 2.2"
      fill="none"
      stroke="#000000"
      stroke-width="1"
    />
  </g>
</svg>
`;

exports[`exportToSvg > with elements that have a link 1`] = `
"
  <!-- svg-source:excalidraw -->
  
  <defs>
    <style class=\\"style-fonts\\">
      @font-face {
        font-family: \\"Virgil\\";
        src: url(\\"https://excalidraw.com/Virgil.woff2\\");
      }
      @font-face {
        font-family: \\"Cascadia\\";
        src: url(\\"https://excalidraw.com/Cascadia.woff2\\");
      }
    </style>
    
  </defs>
  <a href=\\"excalidraw.com\\"><g stroke-linecap=\\"round\\" transform=\\"translate(10 10) rotate(0 107 107)\\"><path d=\\"M0 0 C0 0, 0 0, 0 0 M0 0 C0 0, 0 0, 0 0 M-0.81 6.83 C1.42 4.82, 3.76 1.52, 5.21 0.19 M-0.15 6.66 C1.8 4.06, 3.47 2.78, 5.22 0.73 M-0.29 10.96 C2.44 8.61, 6.86 4.4, 10.93 -0.91 M0.52 11.4 C3.45 8.64, 6.67 5.66, 10.55 0.52 M-0.73 16.51 C7.35 10.86, 13.5 3, 17.44 0.95 M0.2 18.45 C5.73 11.79, 11.18 5.08, 16.02 -0.18 M0.75 25.53 C5.82 17, 10.04 11.07, 20.53 0.11 M0.63 24.62 C6.15 16.7, 12.35 9.33, 21.67 -0.92 M-0.46 31.29 C10.67 19.56, 20.95 6.14, 26.3 0.97 M0.19 30.33 C6.15 22.94, 12.8 16.86, 26.48 0.56 M0.06 38.68 C9.21 29.05, 14.84 21.35, 32.64 0.53 M0.13 37.62 C11.7 22.94, 22.8 8.94, 31.86 0.17 M1.97 42.03 C14.26 29.52, 23.97 12.83, 36.26 1.93 M0.5 42.42 C7.49 34.15, 14.87 25.57, 36.32 -0.12 M-1.55 47.05 C9.52 36.22, 20.47 27.66, 42.25 0.23 M0.07 48.87 C15.17 30.66, 32.72 11.39, 42.55 -0.3 M1 53.34 C15.85 39.16, 30.2 22.36, 47.03 0.12 M0.83 54.24 C13.32 41.61, 24.32 26.03, 48.09 -0.05 M-1.51 60.18 C18.44 42.68, 33.89 21.16, 51.91 1.7 M0.58 61.04 C19.82 38.42, 41.63 15.34, 52.4 -0.74 M-2 68.97 C17.08 50.31, 33.78 31.07, 58 -1.79 M-0.57 67.89 C12.79 53.01, 23.57 38.56, 57.54 0.78 M-0.94 73.26 C17.3 51.99, 37.15 29.16, 63.79 1.79 M-0.34 73.88 C13.12 57.81, 25.23 44.29, 63.24 0.24 M-0.02 80.75 C25.47 53.17, 50.04 23.22, 68.13 1.24 M-0.31 79 C13.15 62.83, 27.89 46.91, 69.58 0.16 M-1.36 83.81 C22.43 62.66, 42.64 36.29, 75.7 -0.26 M0.49 84.94 C20.19 61.39, 38.84 39.35, 74.08 -0.14 M-0.44 93.19 C29.84 56.59, 58.57 21.34, 80.05 0.63 M0.23 91.29 C16.75 73.26, 34.07 51.65, 80.34 -0.29 M-1.32 96.52 C29.7 64.08, 56.68 31.83, 85.06 1.15 M-1.23 98.35 C28.8 63.78, 59.61 29.8, 85.15 -0.85 M1.68 104.37 C24.69 72.49, 52 43.21, 91.99 -1.81 M-0.48 103.54 C31.96 64.64, 64.99 27.22, 89.13 0.87 M-1.77 108.18 C36.54 67.37, 72.5 22.54, 96.92 -1.99 M-0.63 109.78 C22.47 82.36, 45.16 56.53, 95.84 -1.07 M-1.12 114.79 C38.49 70.57, 74.74 30, 101.81 -1.93 M1.19 116.33 C38.03 73.29, 76.06 29.97, 100.42 0.88 M2 120.2 C36.47 78.86, 73.59 37.62, 107.95 0.68 M0.39 120.97 C29.7 88.16, 58.99 53.35, 106.73 -0.13 M-1.32 128.06 C41.12 75.45, 86.81 26, 110.99 -1.18 M-0.57 128.82 C35.82 86.5, 72.74 44.1, 111.91 0.79 M-1.02 135.64 C43.91 82.98, 87.98 32.05, 117.79 -1.37 M-0.27 134.74 C26.27 106.76, 50.22 76.9, 116.93 1.16 M-1.8 139.9 C35.21 104.38, 65.53 62.78, 120.66 1.37 M-0.43 139.71 C38.55 95.61, 78.01 50.56, 122.46 -0.53 M1.76 147.91 C29.11 117.4, 55.37 85.99, 127.68 1.48 M0.53 145.69 C46.44 94.62, 91.7 39.92, 126.74 -0.41 M0.17 150.85 C33.17 115.83, 61.4 80.26, 131.64 0.9 M0.15 151.84 C53.25 90.23, 106.14 30.74, 132.16 -0.36 M-1.84 157.7 C37.59 114.01, 76.78 70.61, 136.63 -0.45 M0.35 158.99 C30.36 122.85, 60.89 88, 137.61 0.03 M-0.23 166.11 C29.43 128.1, 58.73 93.84, 143.89 -0.53 M-0.32 164.8 C28.62 130.08, 57.48 96.97, 144 -0.28 M0.58 169.48 C50.77 111.65, 102.4 55.59, 147.57 0.38 M0.18 171.37 C41.33 123.45, 81.86 77.61, 148.81 0.27 M-0.43 175.5 C42.41 129.13, 83.17 82.4, 153.98 0.49 M-0.38 176.58 C56.14 112.56, 110.58 48.82, 153.05 0 M0.7 184.05 C39.63 137.27, 77.83 89.07, 159.24 -1.15 M-0.04 183.65 C61.15 113.46, 120.25 43.45, 159.1 0.14 M0.78 189.08 C63.86 116.64, 126.59 42.93, 165.06 -0.83 M-0.1 189.24 C43.16 138.18, 87.83 86.83, 164.16 0.56 M1.24 193.84 C36.84 154.67, 72.19 113.57, 170.32 -1.11 M-0.39 194.15 C64.21 119.86, 128.3 45.54, 169.93 0.91 M-0.29 202.73 C49.19 146.43, 96.87 92.17, 176.44 -0.47 M0.13 200.67 C52.92 138.41, 108.19 74.96, 174.6 -0.26 M1.16 206.55 C59.57 139.38, 118.88 71.01, 179.33 -0.46 M-0.07 207.43 C53.03 145.16, 107.35 82.74, 180.4 0.42 M0.22 213.68 C60.95 141.62, 123.88 71.22, 187.21 0.77 M0.6 214.05 C46.1 157.63, 93.55 102.73, 185.97 0.53 M3.22 214.1 C47.06 166.56, 89.07 117.22, 190.76 -1.24 M5.01 213.82 C68.81 138.14, 133.36 62.72, 190.6 -0.35 M9.92 215.23 C68.41 149.23, 125.18 82.53, 196.32 1.03 M9.89 214.09 C55.37 160.22, 101.45 108.07, 196.09 -0.52 M14.59 215.07 C59.67 161.32, 106.67 106.8, 202.44 -0.59 M15.51 214.39 C73.07 145.96, 131.15 80.18, 201.49 0.83 M20.24 215.02 C67.86 158.83, 116.16 102.99, 208.37 0.28 M19.97 213.45 C59.56 166.55, 100.38 120.63, 206.76 -0.82 M26.87 214.27 C76.1 157.09, 126.14 97.09, 212.06 0.05 M25.36 214.5 C91.04 139.02, 157.19 63.57, 211.91 -0.02 M30.17 213.49 C95.36 140.42, 161.95 65, 215.33 4.01 M30.07 214.03 C79.63 159.16, 128.2 103.47, 214.37 2.75 M34.9 213.84 C84.1 159.24, 131.69 106.23, 214.56 10.91 M35.9 214.85 C76.52 167.37, 117.66 121.34, 214.58 10.41 M41.09 216.06 C92.82 159.1, 140.36 102.59, 214.27 14.18 M41.43 214.6 C91.46 157.24, 140.3 99.92, 214.02 15.51 M45.42 214.71 C105.06 148.21, 162.91 80.39, 213.5 20.34 M46.37 214.48 C90.18 163.5, 133.5 113.56, 213.58 21.79 M52.09 213.58 C94.09 164.23, 139.77 113.01, 213.08 28.04 M51.09 214.48 C110.67 149.22, 168.26 82.31, 214.41 28.27 M59.1 213.31 C108.3 154.76, 157.78 97.97, 213.87 33.42 M56.93 213.76 C114.42 148.27, 173.13 81.36, 214.06 33.57 M62.61 213.79 C95.67 175.12, 131.93 135.05, 215.02 41.16 M62.5 215.26 C109.79 159.75, 157.58 104.83, 214.24 40.62 M69.45 214.51 C115.96 157.24, 167.45 97.5, 215.32 46.72 M68.75 214.7 C103.27 173.16, 137.86 133.22, 213.78 45.81 M71.65 213.56 C103.96 178.78, 138.03 142.14, 214.98 51.68 M73.61 215.09 C103.95 178.74, 132.02 146.22, 213.32 53.05 M79.45 215.27 C113.94 174.96, 149.24 135.89, 213.55 58.48 M78.89 214.07 C126.81 158.89, 175.72 105, 214.78 58.4 M85.11 215.13 C110.6 184, 137.76 151.18, 215.65 65.9 M83.11 215.37 C116.22 176.64, 148.4 138.97, 214 64.87 M88.41 214.34 C118.96 178.42, 150.7 145.02, 213.67 69.51 M88.72 213.49 C134.17 163.37, 179.02 112.56, 214.35 69.92 M93.82 215.67 C130.63 174.63, 164.17 136.81, 216.36 76.82 M94.62 215.42 C121.82 183.15, 149.8 151.77, 215.36 75.88 M99.28 212.41 C123.36 186.94, 148.69 160.11, 215.83 80.97 M99.24 214.89 C134.23 174.45, 167.46 133.39, 214.38 82.13 M103.36 214.25 C129.45 181.97, 159.51 152.36, 216.32 87.24 M105.23 214.52 C140.52 172.32, 177.36 130.65, 215.12 88.05 M110.73 213.03 C146.61 168.92, 184.16 127.8, 213.17 94.81 M110.57 213.87 C153.05 168.38, 193 120.91, 214.21 95.12 M115.17 216.48 C139.33 189.01, 160.12 165.38, 213.63 103.23 M115.16 213.68 C144.82 180.18, 175.99 143.89, 213.71 101.82 M121.02 213.99 C140.91 190.74, 162.42 163.77, 215.22 106.48 M122.01 213.87 C143.16 188.34, 165.4 163.91, 214.99 105.98 M126.28 214.35 C148.59 191.02, 170.41 161.53, 215.95 114.94 M125.81 213.75 C152.65 182.89, 178.56 152.7, 214.66 113.17 M132.01 215.48 C154.9 188.05, 176.75 163.09, 215.18 117.86 M132.06 214.11 C148.13 194.55, 166.82 174.61, 215.04 119.59 M137.38 214.21 C161.45 186.9, 182.13 159.91, 212.62 125.17 M137.75 215.37 C156.65 193.37, 173.11 172.16, 214.75 126.17 M141.17 216.02 C158.85 194.81, 177.77 173.72, 213.18 129.93 M142.4 213.67 C162.29 190.84, 181.85 170.13, 213.23 131.44 M148.76 212.79 C163.82 192.8, 181.07 177.08, 213.24 138.34 M146.75 215.02 C161.5 197.64, 175.39 182.37, 214.6 137.92 M152.97 213.3 C171.68 195.82, 186.62 176.03, 214.95 143.79 M153.23 214.16 C176.49 188.37, 198.71 161.65, 213.59 144.52 M156.35 213.21 C173.7 196.87, 192.11 175.14, 215.05 149.25 M157.79 214.95 C175.81 194.95, 193.7 174.89, 214.01 149.36 M161.45 213.1 C180.25 196.89, 195.52 177.65, 215.89 157.17 M163.92 214.75 C174.75 200.19, 186.96 187.55, 213.36 155.95 M167.69 212.93 C185.37 196.17, 202.88 177.85, 214.26 163.83 M169.01 215.26 C179.21 203.06, 186.52 194.05, 213.31 162 M174.33 213.84 C189.57 198.34, 203.81 180.18, 215.67 169.43 M173.05 214.69 C188.92 197.3, 202.03 181.49, 213.62 167.85 M177.96 215.83 C189.51 205.52, 198.77 193.2, 212.66 176.09 M179.74 213.85 C191.22 201.13, 202.24 187.25, 214 174.86 M183.57 215.58 C194.26 201.21, 206.94 186.48, 213.6 178.31 M185.06 214.29 C192.08 207, 198.44 197.41, 214.64 180.21 M189.96 216.14 C200.03 204.92, 207.22 192.68, 213.72 184.73 M190.5 214.43 C198.12 204.77, 204.74 195.5, 214.79 187.09 M196.8 212.72 C198.3 208.46, 202.07 206.11, 215.94 192.66 M195.57 213.67 C202.2 207.64, 208.24 199.57, 213.23 193.54 M202.11 214.45 C207.24 208.52, 211.97 201.67, 213.16 198.04 M201 214.52 C206.16 209.18, 211.73 201.96, 214.22 198.85 M205.41 214.25 C207.85 212.61, 209.78 207.78, 214.43 205.22 M205.47 214.69 C207.58 211.96, 210.91 209.04, 213.65 204.22 M211.61 214.07 C211.93 212.79, 213.09 212.58, 214.54 210.47 M211.53 214 C212.3 213.19, 213.35 211.81, 214.47 210.34\\" stroke=\\"#15aabf\\" stroke-width=\\"0.5\\" fill=\\"none\\"></path><path d=\\"M-0.39 -0.88 C55.46 -0.97, 113.94 -0.3, 214.26 0.61 M-0.49 0.4 C84.22 -0.65, 169.11 -0.38, 213.87 0.66 M212.35 -0.69 C216.14 81.33, 216.66 160.36, 212.82 212.88 M213.44 -0.28 C214.34 52.63, 212.93 106.93, 213.51 214 M215.36 213.92 C153.36 215.01, 94.72 215.24, 0.66 215.17 M214.59 213.78 C136.22 216.39, 57.75 216.64, 0.1 213.77 M-1.71 215.7 C0.69 160.6, -0.19 109.87, -0.18 1.75 M0.58 213.93 C-0.62 147.47, -0.5 79.36, 0.52 0\\" stroke=\\"#000000\\" stroke-width=\\"1\\" fill=\\"none\\"></path></g></a>"
`;

exports[`exportToSvg > with exportEmbedScene 1`] = `
"
  <!-- svg-source:excalidraw -->
  <!-- payload-type:application/vnd.excalidraw+json --><!-- payload-version:2 --><!-- payload-start -->eyJ2ZXJzaW9uIjoiMSIsImVuY29kaW5nIjoiYnN0cmluZyIsImNvbXByZXNzZWQiOnRydWUsImVuY29kZWQiOiJ4nO1SPW/CMFx1MDAxMN35XHUwMDE1UbpcIuFAIJSNlqpCqtqBXHUwMDAxqVVcdTAwMDdcdTAwMTNfiFx1MDAxNcdcdTAwMGW2w4dcdTAwMTD/vbaBuETMnerBkt+9d3e+e8dOXHUwMDEwhPpQQThcdELYp5hRXCLxLuxafFx1MDAwYlJRwU2o795K1DJ1zFxc62rS6zFhXHUwMDA0uVB6MkBcYp1FwKBcdTAwMDSulaF9mXdcdTAwMTBcdTAwMWPdbVwilFjpdik3XHUwMDFm06ygnPQ3aZm8zaavn07qSHvDiaO4eVx1MDAxZmz1QdK8d5To3GBcdTAwMTFCXHKWXHUwMDAzXee6XHUwMDA1Yr5mtlePKC1FXHUwMDAxz4JcdGlcdTAwMWJ5QO740iucXHUwMDE2aylqTjwnXHUwMDFhYrzKPCejjC30gZ2ngNO8llx1MDAxMLYqLK8ttvBGp4SZsleZkuucg1I3XHUwMDFhUeGU6kPrV7a/ak7cdL99V1x1MDAxMpcwt+PlNWO/XHUwMDEzc3JJfFx1MDAxM1BcdTAwMDDEJY6j0TB5ROMm4ldcdTAwMWX1UVx1MDAxYn1cdTAwMTfcrT+KxmOE4n4yalx1MDAxOFTNzOK1S5thpsBP1Tbx4k1x00hdXHUwMDExfFx1MDAxNvmPM8qLNs9cdTAwMTituJP7alxcQnEpOFx0XHUwMDFkfur+2+7fdn9hO2CMVlxuLrYzt1x1MDAxYk2Iq2qhTX5DOZsw3FLYPd1Zc+aO1TvT2jWDbfZ46px+XHUwMDAwcU5t0CJ9<!-- payload-end -->
  <defs>
    <style class=\\"style-fonts\\">
      @font-face {
        font-family: \\"Virgil\\";
        src: url(\\"https://excalidraw.com/Virgil.woff2\\");
      }
      @font-face {
        font-family: \\"Cascadia\\";
        src: url(\\"https://excalidraw.com/Cascadia.woff2\\");
      }
    </style>
    
  </defs>
  <g stroke-linecap=\\"round\\" transform=\\"translate(10 10) rotate(0 50 50)\\"><path d=\\"M0.32 50.63 C0.32 50.63, 0.32 50.63, 0.32 50.63 M0.32 50.63 C0.32 50.63, 0.32 50.63, 0.32 50.63 M1.31 55.08 C15.31 40.32, 29.59 22.37, 41.3 9.81 M2.95 54.67 C16.06 38.64, 28.38 26.08, 41.31 11.16 M5.17 55.28 C18.64 40.54, 34.59 23.3, 53.31 1.2 M6.19 55.83 C19.7 40.85, 33.94 25.36, 52.84 2.99 M8.12 57.33 C28.32 38.18, 46.32 16.69, 57.78 5.54 M9.05 59.26 C25.33 39.84, 41.83 20.42, 56.36 4.41 M12.23 63.33 C23.99 47.5, 34.76 34.04, 58.25 7.72 M12.1 62.42 C25.64 45.74, 39.58 29.47, 59.39 6.7 M14.29 65.31 C33.6 44.37, 51.89 21.73, 61.4 11.6 M14.95 64.35 C25.42 51.41, 36.81 39.88, 61.57 11.19 M17.44 69.69 C30.26 56.06, 39.46 44.26, 65.11 14.18 M17.51 68.63 C34.43 47.57, 51.04 27.25, 64.33 13.82 M21.98 70.02 C37.73 53.65, 50.86 33.03, 66.1 18.6 M20.5 70.41 C29.42 59.96, 38.78 49.11, 66.16 16.54 M21.73 71.26 C33.76 59.36, 45.61 49.75, 69.47 19.91 M23.35 73.09 C39.91 53.14, 58.94 32.17, 69.77 19.39 M26.91 74.54 C41.56 60.59, 55.7 44.03, 72.29 22.07 M26.74 75.44 C39.06 62.99, 49.89 47.62, 73.34 21.9 M27.68 77.61 C45.27 62.73, 58.44 43.84, 73.88 27.42 M29.77 78.46 C46.22 58.97, 65.3 39.03, 74.37 24.99 M29.82 83.37 C45.64 68.39, 59.09 52.88, 78 26.2 M31.24 82.29 C42.16 70.24, 50.48 58.61, 77.54 28.77 M33.5 84.64 C46.6 69.19, 61.43 52.15, 81.17 32.8 M34.1 85.27 C44.17 73.12, 52.8 63.6, 80.62 31.25 M37.69 88.37 C54.96 70.16, 71.4 49.55, 82.89 35.26 M37.41 86.61 C46.27 76.03, 56.22 65.63, 84.34 34.18 M38.98 88.4 C54.78 76.48, 66.88 59.43, 87.83 36.78 M40.83 89.54 C52.97 74.67, 64.21 61.17, 86.21 36.91 M43.18 94 C60.91 72.19, 77.04 51.45, 90.21 39.94 M43.86 92.11 C52.94 82.13, 62.98 68.89, 90.51 39.02 M44.93 94.32 C62.61 77.05, 76.42 59.94, 91.95 44.23 M45.02 96.15 C61.2 76.98, 78.3 58.77, 92.03 42.23 M50.55 99.15 C60.63 81.82, 75.04 67.37, 96.9 43.53 M48.39 98.32 C65.04 78.28, 81.92 59.44, 94.04 46.22 M59.57 88.62 C75.19 74.82, 87.89 56.74, 99.21 46.38 M60.71 90.22 C69.4 79.26, 78.2 69.42, 98.13 47.3\\" stroke=\\"#15aabf\\" stroke-width=\\"0.5\\" fill=\\"none\\"></path><path d=\\"M50.55 -1.01 C62.82 12.44, 78.03 26.68, 100.3 51.7 M50.44 0.46 C69.95 19.26, 89.63 39.73, 99.86 51.76 M98.12 50.21 C82.92 71.13, 65.15 88.19, 49.66 98.72 M99.37 50.68 C88.57 62.94, 74.79 76.37, 50.44 100 M52.55 99.9 C35.86 87.61, 23.16 74.12, 0.75 52.33 M51.67 99.75 C32.82 83.31, 13.73 65.72, 0.11 50.74 M-1.95 52.94 C13.84 37.62, 25.27 26.82, 50.8 2 M0.66 50.92 C16.45 35.71, 32.61 18.7, 51.59 0.01\\" stroke=\\"#000000\\" stroke-width=\\"1\\" fill=\\"none\\"></path></g><g stroke-linecap=\\"round\\" transform=\\"translate(10 10) rotate(0 50 50)\\"><path d=\\"M16.06 13.96 C16.06 13.96, 16.06 13.96, 16.06 13.96 M16.06 13.96 C16.06 13.96, 16.06 13.96, 16.06 13.96 M5.51 34 C13.17 23.26, 20.2 13.31, 28.19 8.96 M5.48 33.35 C12.13 25.41, 19.79 15.96, 26.45 7.6 M2.94 40.64 C14.89 27.57, 27.38 13.09, 38.46 2.39 M2.49 43.52 C14.98 28.89, 27.43 13.98, 36.64 1.59 M2.04 48.61 C11.56 36.98, 20.64 29.06, 40.87 3.18 M1.95 49.98 C10.18 39.33, 19.99 27.58, 41.75 1.91 M2.89 53.52 C12.16 45.31, 20.84 35.42, 48.22 2.48 M1.65 54.79 C15.39 38.9, 28.49 22.82, 46.94 2.06 M0.17 60.65 C19.49 40.09, 39.43 15.92, 51.68 2.9 M0.46 61.18 C20.03 40.07, 38.88 19.18, 52.8 1.95 M2.75 65.39 C21.45 44.77, 38.81 24.42, 58.83 2.92 M3.54 66.52 C18.41 48.35, 33.23 29.4, 57.11 2.7 M4.72 71.04 C27.78 43.83, 50.85 18.93, 63.36 3.68 M4.98 68.42 C26.29 44.92, 48.42 19.29, 62.03 3.82 M5.52 72.07 C22.83 55.04, 37.9 35.24, 65.26 4.74 M7.57 72.36 C24.05 52.56, 41.2 32.12, 68.06 3.3 M9.59 78.6 C21.8 62.85, 36.33 48.65, 72.41 6.27 M10.08 76.55 C27.74 55.4, 46.01 35.4, 71.14 6.25 M12.56 81.85 C25.42 62.46, 40.04 46.55, 72.17 9.63 M11.06 79.79 C28.06 60.16, 44.33 40.26, 73.94 7.75 M13.55 82.49 C28.83 65.98, 48.28 43.76, 76.92 11.53 M14.8 84.16 C33.23 60.15, 53.34 38.08, 77.01 9.5 M18.1 87.31 C40.32 56.18, 63.34 29.89, 81.06 11.61 M15.8 86.08 C37.82 61.43, 61.3 33.93, 81.35 11.71 M19 88.26 C40.95 67.24, 59.33 42.8, 83.88 13.16 M19.34 89.69 C44.29 60.65, 70.58 30.79, 84.99 14.16 M24.66 90.68 C46.24 63.97, 68.7 37.2, 88.49 16.36 M23.39 91.54 C41.48 71.33, 57.27 52.46, 87.46 15.92 M26.62 93.33 C42.62 75.25, 55.76 56.91, 91.37 20.55 M25.78 92.9 C44.69 72.7, 64.26 51.51, 91.05 19.89 M29.13 94.58 C54.77 68.16, 76.36 39.34, 89.98 24.69 M29.39 94.36 C49.44 73.98, 66.44 53.75, 91.98 23.72 M33.42 96.74 C47.58 82.66, 62.52 64.57, 91.66 26.42 M34.06 96.57 C55.68 72.76, 76.5 49.1, 92.97 29.15 M36.63 98.74 C60.32 74.26, 79.82 54.48, 97.25 30.51 M37.14 99.24 C54.89 79.32, 74.61 58.8, 96.4 30.94 M40.66 99.17 C55.74 83.62, 65.05 70.15, 99.32 34.88 M41.95 98.58 C59.25 80.58, 75.79 63.84, 98.31 35.2 M49.2 99.75 C62.11 81.98, 75.75 67.78, 97.75 42.61 M48.46 99.18 C67.41 77.36, 87.34 53.87, 99.47 41.78 M53.89 98.89 C65.38 88.45, 73.01 75.45, 98.61 47.16 M53.06 97.85 C63.84 87.99, 73.69 78.07, 99.97 45.89 M58.61 99.36 C70.43 84.66, 82.87 73.93, 98.5 52.17 M58.48 99.78 C73.6 83.24, 87.79 67.2, 99.1 52.24 M68.31 94.83 C80.8 79.54, 89.95 65.89, 98.02 57.63 M66.24 95.37 C79.84 81.97, 91.09 67.07, 98.57 57.62 M76.06 88.12 C81.34 84.81, 87.75 77.41, 94.2 68.75 M77.32 88.9 C82.75 83.93, 85.37 79.87, 94.43 70.14\\" stroke=\\"#15aabf\\" stroke-width=\\"0.5\\" fill=\\"none\\"></path><path d=\\"M38.1 1.46 C45.72 -1.06, 55.49 -0.08, 63.58 2.19 C71.68 4.46, 80.88 9.29, 86.67 15.09 C92.46 20.89, 96.33 29.02, 98.32 36.99 C100.32 44.97, 101 54.87, 98.62 62.96 C96.24 71.05, 90.17 79.66, 84.03 85.55 C77.89 91.43, 69.57 96.06, 61.79 98.28 C54 100.51, 45.12 100.97, 37.32 98.91 C29.52 96.84, 21.11 92.03, 14.99 85.89 C8.88 79.75, 2.75 70.16, 0.63 62.05 C-1.48 53.94, -0.22 45.19, 2.3 37.23 C4.82 29.28, 9.28 20.51, 15.77 14.3 C22.25 8.1, 36.21 2.25, 41.23 0.02 C46.25 -2.21, 45.49 0.09, 45.88 0.91 M40.94 1.53 C48.29 -0.28, 59.04 0.38, 66.96 3.27 C74.89 6.16, 83.12 12.22, 88.48 18.88 C93.85 25.53, 97.82 35.15, 99.18 43.21 C100.54 51.28, 99.41 59.58, 96.65 67.29 C93.89 74.99, 88.87 84.03, 82.63 89.47 C76.39 94.91, 67.44 98.55, 59.2 99.93 C50.97 101.3, 41.25 100.52, 33.2 97.7 C25.15 94.87, 16.16 89.68, 10.9 82.99 C5.64 76.3, 2.84 65.86, 1.64 57.57 C0.45 49.28, 0.99 40.72, 3.74 33.24 C6.5 25.76, 11.77 18.2, 18.18 12.7 C24.59 7.2, 38.36 1.99, 42.22 0.24 C46.09 -1.5, 41.49 1.56, 41.37 2.2\\" stroke=\\"#000000\\" stroke-width=\\"1\\" fill=\\"none\\"></path></g>"
`;
